Generating 100 synthetic samples
  output : C:\Users\limmi\OneDrive\Desktop\synthetic-generator\dataset\datasets\dataset_014
  splits : train, val, test
  names  : name1
  seed   : 42
  mode   : Regular mixed fields
  fonts  : 24 fonts  (style: all)


Generated 100 samples -> C:\Users\limmi\OneDrive\Desktop\synthetic-generator\dataset\datasets\dataset_014
Manifest: C:\Users\limmi\OneDrive\Desktop\synthetic-generator\dataset\datasets\dataset_014\manifest.csv

Split distribution:
  train  80
  val    10
  test   10

Field distribution:
  full_name      31
  place          20
  date_written   15
  date_numeric   11
  cause_of_death 8
  civil_status   5
  age            5
  citizenship    2
  religion       2
  occupation     1
Generating 100 synthetic samples
  output : C:\Users\limmi\OneDrive\Desktop\synthetic-generator\dataset\datasets\dataset_015
  splits : train, val, test
  names  : name1
  seed   : 42
  mode   : Semi-broken: mixed
  fonts  : 24 fonts  (style: all)


Generated 100 samples -> C:\Users\limmi\OneDrive\Desktop\synthetic-generator\dataset\datasets\dataset_015
Manifest: C:\Users\limmi\OneDrive\Desktop\synthetic-generator\dataset\datasets\dataset_015\manifest.csv

Split distribution:
  train  80
  val    10
  test   10

Field distribution:
  full_name      26
  place          17
  date_written   13
  date_numeric   11
  character      6
  numeric        6
  sex            5
  occupation     5
  religion       4
  civil_status   3
  age            2
  cause_of_death 2
Generating 5,000 synthetic samples
  output : C:\Users\limmi\OneDrive\Desktop\synthetic-generator\dataset\datasets\dataset_016
  splits : train, val, test
  names  : name1
  seed   : 42
  mode   : Regular mixed fields
  fonts  : 3 fonts  (style: cursive / Loose informal)


Generated 5,000 samples -> C:\Users\limmi\OneDrive\Desktop\synthetic-generator\dataset\datasets\dataset_016
Manifest: C:\Users\limmi\OneDrive\Desktop\synthetic-generator\dataset\datasets\dataset_016\manifest.csv

Split distribution:
  train  4000
  val    500
  test   500

Field distribution:
  full_name      1523
  place          766
  date_written   638
  date_numeric   532
  cause_of_death 422
  age            237
  civil_status   232
  sex            205
  religion       135
  citizenship    131
  occupation     92
  character      46
  numeric        41
Generating 1,000 synthetic samples
  output : C:\Users\limmi\OneDrive\Desktop\synthetic-generator\dataset\datasets\dataset_017
  splits : train, val, test
  names  : name1
  seed   : 43
  mode   : Semi-broken: mixed
  fonts  : 3 fonts  (style: cursive / Loose informal)

Generating 1,000 synthetic samples
  output : C:\Users\limmi\OneDrive\Desktop\synthetic-generator\dataset\datasets\dataset_017
  splits : train, val, test
  names  : name1
  seed   : 43
  mode   : Regular mixed fields
  fonts  : 3 fonts  (style: cursive / Loose informal)


Generated 1,000 samples -> C:\Users\limmi\OneDrive\Desktop\synthetic-generator\dataset\datasets\dataset_017
Manifest: C:\Users\limmi\OneDrive\Desktop\synthetic-generator\dataset\datasets\dataset_017\manifest.csv

Split distribution:
  train  800
  val    100
  test   100

Field distribution:
  full_name      302
  place          141
  date_written   129
  date_numeric   112
  cause_of_death 84
  age            58
  civil_status   47
  sex            34
  citizenship    28
  religion       22
  occupation     20
  numeric        12
  character      11
Generating 5,000 synthetic samples
  output : C:\Users\limmi\OneDrive\Desktop\synthetic-generator\dataset\datasets\dataset_018
  splits : train, val, test
  names  : name1
  seed   : 89123
  mode   : Regular mixed fields
  fonts  : 3 fonts  (style: cursive / Loose informal)


Generated 5,000 samples -> C:\Users\limmi\OneDrive\Desktop\synthetic-generator\dataset\datasets\dataset_018
Manifest: C:\Users\limmi\OneDrive\Desktop\synthetic-generator\dataset\datasets\dataset_018\manifest.csv

Split distribution:
  train  4000
  val    500
  test   500

Field distribution:
  full_name      1487
  place          783
  date_written   658
  date_numeric   505
  cause_of_death 405
  civil_status   254
  age            243
  sex            227
  religion       133
  citizenship    115
  occupation     102
  character      49
  numeric        39
Generating 200,000 synthetic samples
  output : C:\Users\limmi\OneDrive\Desktop\synthetic-generator\dataset\datasets\dataset_019
  splits : train, val, test
  names  : name1
  seed   : 89123
  mode   : Regular mixed fields
  fonts  : 20 fonts  (style: cursive)

Generating 40,000 synthetic samples
  output : C:\Users\limmi\OneDrive\Desktop\synthetic-generator\dataset\datasets\dataset_023
  splits : train, val, test
  names  : name1
  seed   : 42
  mode   : Regular mixed fields
  fonts  : 24 fonts  (style: all)

Generating 40,000 synthetic samples
  output : C:\Users\limmi\OneDrive\Desktop\synthetic-generator\dataset\datasets\dataset_024
  splits : train, val, test
  names  : name1
  seed   : 42
  mode   : Regular mixed fields
  fonts  : 24 fonts  (style: all)

Generating 40,000 synthetic samples
  output : C:\Users\limmi\OneDrive\Desktop\synthetic-generator\dataset\datasets\dataset_024
  splits : train, val, test
  names  : name1
  seed   : 42
  mode   : Regular mixed fields
  fonts  : 24 fonts  (style: all)

Generating 5,000 synthetic samples
  output : C:\Users\limmi\OneDrive\Desktop\synthetic-generator\dataset\datasets\dataset_024
  splits : train, val, test
  names  : name1
  seed   : 42
  mode   : Regular mixed fields
  fonts  : 24 fonts  (style: all)


Generated 5,000 samples -> C:\Users\limmi\OneDrive\Desktop\synthetic-generator\dataset\datasets\dataset_024
Manifest: C:\Users\limmi\OneDrive\Desktop\synthetic-generator\dataset\datasets\dataset_024\manifest.csv

Split distribution:
  train  4000
  val    500
  test   500

Field distribution:
  full_name      1476
  place          760
  date_written   649
  date_numeric   534
  cause_of_death 410
  civil_status   263
  age            232
  sex            210
  citizenship    140
  religion       129
  occupation     103
  character      48
  numeric        46
Generating 5,000 synthetic samples
  output : C:\Users\limmi\OneDrive\Desktop\synthetic-generator\dataset\datasets\dataset_025
  splits : train, val, test
  names  : name1
  seed   : 467
  mode   : Regular mixed fields
  fonts  : 24 fonts  (style: all)


Generated 5,000 samples -> C:\Users\limmi\OneDrive\Desktop\synthetic-generator\dataset\datasets\dataset_025
Manifest: C:\Users\limmi\OneDrive\Desktop\synthetic-generator\dataset\datasets\dataset_025\manifest.csv

Split distribution:
  train  4000
  val    500
  test   500

Field distribution:
  full_name      1465
  place          811
  date_written   628
  date_numeric   517
  cause_of_death 378
  age            278
  civil_status   244
  sex            196
  religion       146
  citizenship    123
  occupation     109
  character      61
  numeric        44
